// Jest Snapshot v1, https://goo.gl/fbAQLP

exports[`App should match snapshot 1`] = `
<div
  className="App"
>
  <header
    className="App-header"
  >
    <h1
      className="app-name"
    >
      something
    </h1>
    <span
      className="app-component"
    >
      <Connect(Search) />
    </span>
  </header>
  <Navbar />
</div>
`;
